[dotenv@17.2.3] injecting env (10) from .env -- tip: ­ƒöæ add access controls to secrets: https://dotenvx.com/ops
­ƒöä Iniciando importa├º├úo do Calend├írio Estrat├®gico 2026...
­ƒôª Encontradas 336 datas para importar.
